// Jest Snapshot v1, https://goo.gl/fbAQLP

exports[`FlexView renders correctly 1`] = `
<div
  className={undefined}
  style={
    Object {
      "alignItems": "center",
      "boxSizing": "border-box",
      "display": "flex",
      "flex": "1 1 auto",
      "flexDirection": "row",
      "flexWrap": "wrap",
      "justifyContent": "flex-end",
      "minHeight": 0,
      "minWidth": 0,
    }
  }
>
  CONTENT
</div>
`;

exports[`build build script generates every needed file 1`] = `
Array [
  "FlexView.d.ts",
  "FlexView.js",
  "index.d.ts",
  "index.js",
]
`;
